// Jest Snapshot v1, https://goo.gl/fbAQLP

exports[`Seperator has correct data-tipe-iu attibute 1`] = `
VueWrapper {
  "_emitted": Object {},
  "_emittedByOrder": Array [],
  "isFunctionalComponent": undefined,
  "version": 2.5,
}
`;
