// Jest Snapshot v1, https://goo.gl/fbAQLP

exports[`Message <template> <template> matches previous snapshot 1`] = `
<div data-tipe-ui="TipeMessage">

</div>
`;
