// Jest Snapshot v1, https://goo.gl/fbAQLP

exports[`Search.vue renders 1`] = `
VueWrapper {
  "_emitted": Object {},
  "_emittedByOrder": Array [],
  "element": <input />,
  "isFunctionalComponent": undefined,
  "isVueComponent": true,
  "options": Object {
    "attachedToDocument": false,
    "sync": true,
  },
  "version": 2.5,
  "vm": VueComponent {
    "$attrs": Object {},
    "$children": Array [],
    "$createElement": [Function],
    "$el": <input />,
    "$emit": [Function],
    "$listeners": Object {},
    "$options": Object {
      "_Ctor": Object {
        "1": [Function],
      },
      "_base": [Function],
      "_parentElm": null,
      "_refElm": null,
      "beforeCreate": Array [
        [Function],
      ],
      "components": Object {
        "transition": Object {
          "_Ctor": Object {
            "1": [Function],
          },
          "name": "transition",
          "render": [Function],
        },
        "transition-group": Object {
          "_Ctor": Object {
            "1": [Function],
          },
          "name": "transition-group",
          "render": [Function],
        },
      },
      "directives": Object {},
      "filters": Object {},
      "logModifiedComponents": true,
      "methods": Object {
        "onClick": [Function],
      },
      "name": "TipeSearch",
      "provide": [Function],
      "render": [Function],
      "staticRenderFns": Array [],
    },
    "$parent": undefined,
    "$refs": Object {},
    "$root": [Circular],
    "$scopedSlots": Object {},
    "$slots": Object {},
    "$vnode": undefined,
    "__emitted": Object {},
    "__emittedByOrder": Array [],
    "_c": [Function],
    "_data": Object {},
    "_directInactive": false,
    "_events": Object {},
    "_hasHookEvent": false,
    "_inactive": null,
    "_isBeingDestroyed": false,
    "_isDestroyed": false,
    "_isMounted": true,
    "_isVue": true,
    "_provided": undefined,
    "_renderProxy": VueComponent {
      "$attrs": Object {},
      "$children": Array [],
      "$createElement": [Function],
      "$el": <input />,
      "$emit": [Function],
      "$listeners": Object {},
      "$options": Object {
        "_Ctor": Object {
          "1": [Function],
        },
        "_base": [Function],
        "_parentElm": null,
        "_refElm": null,
        "beforeCreate": Array [
          [Function],
        ],
        "components": Object {
          "transition": Object {
            "_Ctor": Object {
              "1": [Function],
            },
            "name": "transition",
            "render": [Function],
          },
          "transition-group": Object {
            "_Ctor": Object {
              "1": [Function],
            },
            "name": "transition-group",
            "render": [Function],
          },
        },
        "directives": Object {},
        "filters": Object {},
        "logModifiedComponents": true,
        "methods": Object {
          "onClick": [Function],
        },
        "name": "TipeSearch",
        "provide": [Function],
        "render": [Function],
        "staticRenderFns": Array [],
      },
      "$parent": undefined,
      "$refs": Object {},
      "$root": [Circular],
      "$scopedSlots": Object {},
      "$slots": Object {},
      "$vnode": undefined,
      "__emitted": Object {},
      "__emittedByOrder": Array [],
      "_c": [Function],
      "_data": Object {},
      "_directInactive": false,
      "_events": Object {},
      "_hasHookEvent": false,
      "_inactive": null,
      "_isBeingDestroyed": false,
      "_isDestroyed": false,
      "_isMounted": true,
      "_isVue": true,
      "_provided": undefined,
      "_renderProxy": [Circular],
      "_self": [Circular],
      "_staticTrees": null,
      "_uid": 0,
      "_vnode": VNode {
        "asyncFactory": undefined,
        "asyncMeta": undefined,
        "children": undefined,
        "componentInstance": undefined,
        "componentOptions": undefined,
        "context": [Circular],
        "data": Object {
          "on": Object {
            "click": [Function],
          },
        },
        "elm": <input />,
        "fnContext": undefined,
        "fnOptions": undefined,
        "fnScopeId": undefined,
        "isAsyncPlaceholder": false,
        "isCloned": false,
        "isComment": false,
        "isOnce": false,
        "isRootInsert": true,
        "isStatic": false,
        "key": undefined,
        "ns": undefined,
        "parent": undefined,
        "raw": false,
        "tag": "input",
        "text": undefined,
      },
      "_watcher": Watcher {
        "active": true,
        "cb": [Function],
        "deep": false,
        "depIds": Set {},
        "deps": Array [],
        "dirty": false,
        "expression": "function () {
      vm._update(vm._render(), hydrating);
    }",
        "getter": [Function],
        "id": 1,
        "lazy": false,
        "newDepIds": Set {},
        "newDeps": Array [],
        "sync": true,
        "user": false,
        "value": undefined,
        "vm": [Circular],
      },
      "_watchers": Array [
        Watcher {
          "active": true,
          "cb": [Function],
          "deep": false,
          "depIds": Set {},
          "deps": Array [],
          "dirty": false,
          "expression": "function () {
      vm._update(vm._render(), hydrating);
    }",
          "getter": [Function],
          "id": 1,
          "lazy": false,
          "newDepIds": Set {},
          "newDeps": Array [],
          "sync": true,
          "user": false,
          "value": undefined,
          "vm": [Circular],
        },
      ],
      "onClick": [Function],
    },
    "_self": [Circular],
    "_staticTrees": null,
    "_uid": 0,
    "_vnode": VNode {
      "asyncFactory": undefined,
      "asyncMeta": undefined,
      "children": undefined,
      "componentInstance": undefined,
      "componentOptions": undefined,
      "context": [Circular],
      "data": Object {
        "on": Object {
          "click": [Function],
        },
      },
      "elm": <input />,
      "fnContext": undefined,
      "fnOptions": undefined,
      "fnScopeId": undefined,
      "isAsyncPlaceholder": false,
      "isCloned": false,
      "isComment": false,
      "isOnce": false,
      "isRootInsert": true,
      "isStatic": false,
      "key": undefined,
      "ns": undefined,
      "parent": undefined,
      "raw": false,
      "tag": "input",
      "text": undefined,
    },
    "_watcher": Watcher {
      "active": true,
      "cb": [Function],
      "deep": false,
      "depIds": Set {},
      "deps": Array [],
      "dirty": false,
      "expression": "function () {
      vm._update(vm._render(), hydrating);
    }",
      "getter": [Function],
      "id": 1,
      "lazy": false,
      "newDepIds": Set {},
      "newDeps": Array [],
      "sync": true,
      "user": false,
      "value": undefined,
      "vm": [Circular],
    },
    "_watchers": Array [
      Watcher {
        "active": true,
        "cb": [Function],
        "deep": false,
        "depIds": Set {},
        "deps": Array [],
        "dirty": false,
        "expression": "function () {
      vm._update(vm._render(), hydrating);
    }",
        "getter": [Function],
        "id": 1,
        "lazy": false,
        "newDepIds": Set {},
        "newDeps": Array [],
        "sync": true,
        "user": false,
        "value": undefined,
        "vm": [Circular],
      },
    ],
    "onClick": [Function],
  },
  "vnode": VNode {
    "asyncFactory": undefined,
    "asyncMeta": undefined,
    "children": undefined,
    "componentInstance": undefined,
    "componentOptions": undefined,
    "context": VueComponent {
      "$attrs": Object {},
      "$children": Array [],
      "$createElement": [Function],
      "$el": <input />,
      "$emit": [Function],
      "$listeners": Object {},
      "$options": Object {
        "_Ctor": Object {
          "1": [Function],
        },
        "_base": [Function],
        "_parentElm": null,
        "_refElm": null,
        "beforeCreate": Array [
          [Function],
        ],
        "components": Object {
          "transition": Object {
            "_Ctor": Object {
              "1": [Function],
            },
            "name": "transition",
            "render": [Function],
          },
          "transition-group": Object {
            "_Ctor": Object {
              "1": [Function],
            },
            "name": "transition-group",
            "render": [Function],
          },
        },
        "directives": Object {},
        "filters": Object {},
        "logModifiedComponents": true,
        "methods": Object {
          "onClick": [Function],
        },
        "name": "TipeSearch",
        "provide": [Function],
        "render": [Function],
        "staticRenderFns": Array [],
      },
      "$parent": undefined,
      "$refs": Object {},
      "$root": [Circular],
      "$scopedSlots": Object {},
      "$slots": Object {},
      "$vnode": undefined,
      "__emitted": Object {},
      "__emittedByOrder": Array [],
      "_c": [Function],
      "_data": Object {},
      "_directInactive": false,
      "_events": Object {},
      "_hasHookEvent": false,
      "_inactive": null,
      "_isBeingDestroyed": false,
      "_isDestroyed": false,
      "_isMounted": true,
      "_isVue": true,
      "_provided": undefined,
      "_renderProxy": VueComponent {
        "$attrs": Object {},
        "$children": Array [],
        "$createElement": [Function],
        "$el": <input />,
        "$emit": [Function],
        "$listeners": Object {},
        "$options": Object {
          "_Ctor": Object {
            "1": [Function],
          },
          "_base": [Function],
          "_parentElm": null,
          "_refElm": null,
          "beforeCreate": Array [
            [Function],
          ],
          "components": Object {
            "transition": Object {
              "_Ctor": Object {
                "1": [Function],
              },
              "name": "transition",
              "render": [Function],
            },
            "transition-group": Object {
              "_Ctor": Object {
                "1": [Function],
              },
              "name": "transition-group",
              "render": [Function],
            },
          },
          "directives": Object {},
          "filters": Object {},
          "logModifiedComponents": true,
          "methods": Object {
            "onClick": [Function],
          },
          "name": "TipeSearch",
          "provide": [Function],
          "render": [Function],
          "staticRenderFns": Array [],
        },
        "$parent": undefined,
        "$refs": Object {},
        "$root": [Circular],
        "$scopedSlots": Object {},
        "$slots": Object {},
        "$vnode": undefined,
        "__emitted": Object {},
        "__emittedByOrder": Array [],
        "_c": [Function],
        "_data": Object {},
        "_directInactive": false,
        "_events": Object {},
        "_hasHookEvent": false,
        "_inactive": null,
        "_isBeingDestroyed": false,
        "_isDestroyed": false,
        "_isMounted": true,
        "_isVue": true,
        "_provided": undefined,
        "_renderProxy": [Circular],
        "_self": [Circular],
        "_staticTrees": null,
        "_uid": 0,
        "_vnode": [Circular],
        "_watcher": Watcher {
          "active": true,
          "cb": [Function],
          "deep": false,
          "depIds": Set {},
          "deps": Array [],
          "dirty": false,
          "expression": "function () {
      vm._update(vm._render(), hydrating);
    }",
          "getter": [Function],
          "id": 1,
          "lazy": false,
          "newDepIds": Set {},
          "newDeps": Array [],
          "sync": true,
          "user": false,
          "value": undefined,
          "vm": [Circular],
        },
        "_watchers": Array [
          Watcher {
            "active": true,
            "cb": [Function],
            "deep": false,
            "depIds": Set {},
            "deps": Array [],
            "dirty": false,
            "expression": "function () {
      vm._update(vm._render(), hydrating);
    }",
            "getter": [Function],
            "id": 1,
            "lazy": false,
            "newDepIds": Set {},
            "newDeps": Array [],
            "sync": true,
            "user": false,
            "value": undefined,
            "vm": [Circular],
          },
        ],
        "onClick": [Function],
      },
      "_self": [Circular],
      "_staticTrees": null,
      "_uid": 0,
      "_vnode": [Circular],
      "_watcher": Watcher {
        "active": true,
        "cb": [Function],
        "deep": false,
        "depIds": Set {},
        "deps": Array [],
        "dirty": false,
        "expression": "function () {
      vm._update(vm._render(), hydrating);
    }",
        "getter": [Function],
        "id": 1,
        "lazy": false,
        "newDepIds": Set {},
        "newDeps": Array [],
        "sync": true,
        "user": false,
        "value": undefined,
        "vm": [Circular],
      },
      "_watchers": Array [
        Watcher {
          "active": true,
          "cb": [Function],
          "deep": false,
          "depIds": Set {},
          "deps": Array [],
          "dirty": false,
          "expression": "function () {
      vm._update(vm._render(), hydrating);
    }",
          "getter": [Function],
          "id": 1,
          "lazy": false,
          "newDepIds": Set {},
          "newDeps": Array [],
          "sync": true,
          "user": false,
          "value": undefined,
          "vm": [Circular],
        },
      ],
      "onClick": [Function],
    },
    "data": Object {
      "on": Object {
        "click": [Function],
      },
    },
    "elm": <input />,
    "fnContext": undefined,
    "fnOptions": undefined,
    "fnScopeId": undefined,
    "isAsyncPlaceholder": false,
    "isCloned": false,
    "isComment": false,
    "isOnce": false,
    "isRootInsert": true,
    "isStatic": false,
    "key": undefined,
    "ns": undefined,
    "parent": undefined,
    "raw": false,
    "tag": "input",
    "text": undefined,
  },
}
`;
