// Jest Snapshot v1, https://goo.gl/fbAQLP

exports[`Image Container <template> matches previous snapshot 1`] = `<waitingtemplate-stub></waitingtemplate-stub>`;
