// Jest Snapshot v1, https://goo.gl/fbAQLP

exports[`Image <template> matches previous snapshot 1`] = `<div data-tipe-ui="TipeImage" style="background-image: url();"><img alt="" src=""></div>`;
