// Jest Snapshot v1, https://goo.gl/fbAQLP

exports[`Icon <template> matches previous snapshot 1`] = `
<svg data-tipe-ui="TipeIcon" viewBox="0 0 20 20" fill="#000" style="height: 1rem; width: 1rem;">
  <use xlink:href="#test"></use>
</svg>
`;
