// Jest Snapshot v1, https://goo.gl/fbAQLP

exports[`TabsMenu <template> matches previous snapshot 1`] = `Promise {}`;
