// Jest Snapshot v1, https://goo.gl/fbAQLP

exports[`TabsMenuButton <template> matches previous snapshot 1`] = `
<button data-tipe-ui="TipeTabsMenuButton" class="">
  <div class="label-layout">
    <!---->
    <div class="label">

    </div>
  </div>
</button>
`;
