// Jest Snapshot v1, https://goo.gl/fbAQLP

exports[`Accordian.vue matches previous snapshot 1`] = `Promise {}`;
