// Jest Snapshot v1, https://goo.gl/fbAQLP

exports[`LayoutCard.vue renders 1`] = `
VueWrapper {
  "_emitted": Object {},
  "_emittedByOrder": Array [],
  "isFunctionalComponent": undefined,
  "version": 2.5,
}
`;

exports[`LayoutCard.vue renders with the correct class 1`] = `
VueWrapper {
  "_emitted": Object {},
  "_emittedByOrder": Array [],
  "isFunctionalComponent": undefined,
  "version": 2.5,
}
`;
