// Jest Snapshot v1, https://goo.gl/fbAQLP

exports[`Button.vue <template> matches previous snapshot 1`] = `Promise {}`;
