// Jest Snapshot v1, https://goo.gl/fbAQLP

exports[`FileIcon <template> matches previous snapshot 1`] = `<TipeFileIconRectangle-stub id="" icon="test-icon" type="" label="test-label" createdAt="0" updatedAt="0"></TipeFileIconRectangle-stub>`;
