// Jest Snapshot v1, https://goo.gl/fbAQLP

exports[`FinderEmpty <template> matches previous snapshot 1`] = `<div data-tipe-ui="TipeFinder">Empty</div>`;
