// Jest Snapshot v1, https://goo.gl/fbAQLP

exports[`FinderContainer <template> matches previous snapshot 1`] = `<typefinderempty-stub></typefinderempty-stub>`;
