// Jest Snapshot v1, https://goo.gl/fbAQLP

exports[`TipeSelect.vue renders 1`] = `<input name="name" data-tipe-ui="TipeTextInput" id="Name" placeholder="Type your name here" tabindex="0" type="text" value="" class="medium">`;
