// Jest Snapshot v1, https://goo.gl/fbAQLP

exports[`SelectBlockPanel <template> matches previous snapshot 1`] = `<div data-tipe-ui="TipeSelectBlockPanel"></div>`;
