// Jest Snapshot v1, https://goo.gl/fbAQLP

exports[`Sidebar <template> matches previous snapshot 1`] = `Promise {}`;
